// Jest Snapshot v1, https://goo.gl/fbAQLP

exports[`LpgStationList Container LpgStationList Component should match the snapshot 1`] = `
ShallowWrapper {
  "length": 1,
  Symbol(enzyme.__root__): [Circular],
  Symbol(enzyme.__unrendered__): <LpgStationList
    filter="SHOW_LPG"
    handleFilterClick={[Function]}
    location="61615"
    stations={
        Array [
            Object {
              "name": "bubbas",
            },
          ]
    }
/>,
  Symbol(enzyme.__renderer__): Object {
    "batchedUpdates": [Function],
    "getNode": [Function],
    "render": [Function],
    "simulateEvent": [Function],
    "unmount": [Function],
  },
  Symbol(enzyme.__node__): Object {
    "instance": null,
    "key": undefined,
    "nodeType": "host",
    "props": Object {
      "children": Array [
        <h3
          className="fuel-stations-header"
>
          <span
                    className="filter-type"
          >
                    LPG   
          </span>
          STATIONS
          <span>
                       -   
                    61615
          </span>
</h3>,
        <div
          className="fuel-station-list"
>
          
</div>,
      ],
      "className": "wrapper",
    },
    "ref": null,
    "rendered": Array [
      Object {
        "instance": null,
        "key": undefined,
        "nodeType": "host",
        "props": Object {
          "children": Array [
            <span
              className="filter-type"
>
              LPG   
</span>,
            "STATIONS",
            <span>
                 -   
              61615
</span>,
          ],
          "className": "fuel-stations-header",
        },
        "ref": null,
        "rendered": Array [
          Object {
            "instance": null,
            "key": undefined,
            "nodeType": "host",
            "props": Object {
              "children": "LPG   ",
              "className": "filter-type",
            },
            "ref": null,
            "rendered": "LPG   ",
            "type": "span",
          },
          "STATIONS",
          Object {
            "instance": null,
            "key": undefined,
            "nodeType": "host",
            "props": Object {
              "children": Array [
                "   -   ",
                "61615",
              ],
            },
            "ref": null,
            "rendered": Array [
              "   -   ",
              "61615",
            ],
            "type": "span",
          },
        ],
        "type": "h3",
      },
      Object {
        "instance": null,
        "key": undefined,
        "nodeType": "host",
        "props": Object {
          "children": Array [],
          "className": "fuel-station-list",
        },
        "ref": null,
        "rendered": Array [],
        "type": "div",
      },
    ],
    "type": "div",
  },
  Symbol(enzyme.__nodes__): Array [
    Object {
      "instance": null,
      "key": undefined,
      "nodeType": "host",
      "props": Object {
        "children": Array [
          <h3
            className="fuel-stations-header"
>
            <span
                        className="filter-type"
            >
                        LPG   
            </span>
            STATIONS
            <span>
                           -   
                        61615
            </span>
</h3>,
          <div
            className="fuel-station-list"
>
            
</div>,
        ],
        "className": "wrapper",
      },
      "ref": null,
      "rendered": Array [
        Object {
          "instance": null,
          "key": undefined,
          "nodeType": "host",
          "props": Object {
            "children": Array [
              <span
                className="filter-type"
>
                LPG   
</span>,
              "STATIONS",
              <span>
                   -   
                61615
</span>,
            ],
            "className": "fuel-stations-header",
          },
          "ref": null,
          "rendered": Array [
            Object {
              "instance": null,
              "key": undefined,
              "nodeType": "host",
              "props": Object {
                "children": "LPG   ",
                "className": "filter-type",
              },
              "ref": null,
              "rendered": "LPG   ",
              "type": "span",
            },
            "STATIONS",
            Object {
              "instance": null,
              "key": undefined,
              "nodeType": "host",
              "props": Object {
                "children": Array [
                  "   -   ",
                  "61615",
                ],
              },
              "ref": null,
              "rendered": Array [
                "   -   ",
                "61615",
              ],
              "type": "span",
            },
          ],
          "type": "h3",
        },
        Object {
          "instance": null,
          "key": undefined,
          "nodeType": "host",
          "props": Object {
            "children": Array [],
            "className": "fuel-station-list",
          },
          "ref": null,
          "rendered": Array [],
          "type": "div",
        },
      ],
      "type": "div",
    },
  ],
  Symbol(enzyme.__options__): Object {
    "adapter": ReactSixteenAdapter {
      "options": Object {
        "enableComponentDidUpdateOnSetState": true,
      },
    },
  },
}
`;
