// Jest Snapshot v1, https://goo.gl/fbAQLP

exports[`FuelStationList Container FuelStationList Component should match the snapshot 1`] = `
ShallowWrapper {
  "length": 1,
  Symbol(enzyme.__root__): [Circular],
  Symbol(enzyme.__unrendered__): <FuelStationList
    filter="SHOW_ELEC"
    handleFilterClick={[Function]}
    location="61615"
    stations={
        Array [
            Object {
              "name": "bubbas",
            },
          ]
    }
/>,
  Symbol(enzyme.__renderer__): Object {
    "batchedUpdates": [Function],
    "getNode": [Function],
    "render": [Function],
    "simulateEvent": [Function],
    "unmount": [Function],
  },
  Symbol(enzyme.__node__): Object {
    "instance": null,
    "key": undefined,
    "nodeType": "host",
    "props": Object {
      "children": Array [
        <h3
          className="fuel-stations-header"
>
          <span
                    className="filter-type"
          >
                    ALL  
          </span>
          STATIONS
          <span>
                       -   
                    61615
          </span>
</h3>,
        <div
          className="fuel-station-list"
>
          <Link
                    replace={false}
                    to="/details/undefined"
          >
                    <Connect(Station)
                              fuelType={undefined}
                              station={
                                        Object {
                                                  "name": "bubbas",
                                                }
                              }
                    />
          </Link>
</div>,
      ],
      "className": "wrapper",
    },
    "ref": null,
    "rendered": Array [
      Object {
        "instance": null,
        "key": undefined,
        "nodeType": "host",
        "props": Object {
          "children": Array [
            <span
              className="filter-type"
>
              ALL  
</span>,
            "STATIONS",
            <span>
                 -   
              61615
</span>,
          ],
          "className": "fuel-stations-header",
        },
        "ref": null,
        "rendered": Array [
          Object {
            "instance": null,
            "key": undefined,
            "nodeType": "host",
            "props": Object {
              "children": "ALL  ",
              "className": "filter-type",
            },
            "ref": null,
            "rendered": "ALL  ",
            "type": "span",
          },
          "STATIONS",
          Object {
            "instance": null,
            "key": undefined,
            "nodeType": "host",
            "props": Object {
              "children": Array [
                "   -   ",
                "61615",
              ],
            },
            "ref": null,
            "rendered": Array [
              "   -   ",
              "61615",
            ],
            "type": "span",
          },
        ],
        "type": "h3",
      },
      Object {
        "instance": null,
        "key": undefined,
        "nodeType": "host",
        "props": Object {
          "children": Array [
            <Link
              replace={false}
              to="/details/undefined"
>
              <Connect(Station)
                            fuelType={undefined}
                            station={
                                          Object {
                                                        "name": "bubbas",
                                                      }
                            }
              />
</Link>,
          ],
          "className": "fuel-station-list",
        },
        "ref": null,
        "rendered": Array [
          Object {
            "instance": null,
            "key": undefined,
            "nodeType": "class",
            "props": Object {
              "children": <Connect(Station)
                fuelType={undefined}
                station={
                                Object {
                                                "name": "bubbas",
                                              }
                }
/>,
              "replace": false,
              "to": "/details/undefined",
            },
            "ref": null,
            "rendered": Object {
              "instance": null,
              "key": undefined,
              "nodeType": "class",
              "props": Object {
                "fuelType": undefined,
                "station": Object {
                  "name": "bubbas",
                },
              },
              "ref": null,
              "rendered": null,
              "type": [Function],
            },
            "type": [Function],
          },
        ],
        "type": "div",
      },
    ],
    "type": "div",
  },
  Symbol(enzyme.__nodes__): Array [
    Object {
      "instance": null,
      "key": undefined,
      "nodeType": "host",
      "props": Object {
        "children": Array [
          <h3
            className="fuel-stations-header"
>
            <span
                        className="filter-type"
            >
                        ALL  
            </span>
            STATIONS
            <span>
                           -   
                        61615
            </span>
</h3>,
          <div
            className="fuel-station-list"
>
            <Link
                        replace={false}
                        to="/details/undefined"
            >
                        <Connect(Station)
                                    fuelType={undefined}
                                    station={
                                                Object {
                                                            "name": "bubbas",
                                                          }
                                    }
                        />
            </Link>
</div>,
        ],
        "className": "wrapper",
      },
      "ref": null,
      "rendered": Array [
        Object {
          "instance": null,
          "key": undefined,
          "nodeType": "host",
          "props": Object {
            "children": Array [
              <span
                className="filter-type"
>
                ALL  
</span>,
              "STATIONS",
              <span>
                   -   
                61615
</span>,
            ],
            "className": "fuel-stations-header",
          },
          "ref": null,
          "rendered": Array [
            Object {
              "instance": null,
              "key": undefined,
              "nodeType": "host",
              "props": Object {
                "children": "ALL  ",
                "className": "filter-type",
              },
              "ref": null,
              "rendered": "ALL  ",
              "type": "span",
            },
            "STATIONS",
            Object {
              "instance": null,
              "key": undefined,
              "nodeType": "host",
              "props": Object {
                "children": Array [
                  "   -   ",
                  "61615",
                ],
              },
              "ref": null,
              "rendered": Array [
                "   -   ",
                "61615",
              ],
              "type": "span",
            },
          ],
          "type": "h3",
        },
        Object {
          "instance": null,
          "key": undefined,
          "nodeType": "host",
          "props": Object {
            "children": Array [
              <Link
                replace={false}
                to="/details/undefined"
>
                <Connect(Station)
                                fuelType={undefined}
                                station={
                                                Object {
                                                                "name": "bubbas",
                                                              }
                                }
                />
</Link>,
            ],
            "className": "fuel-station-list",
          },
          "ref": null,
          "rendered": Array [
            Object {
              "instance": null,
              "key": undefined,
              "nodeType": "class",
              "props": Object {
                "children": <Connect(Station)
                  fuelType={undefined}
                  station={
                                    Object {
                                                      "name": "bubbas",
                                                    }
                  }
/>,
                "replace": false,
                "to": "/details/undefined",
              },
              "ref": null,
              "rendered": Object {
                "instance": null,
                "key": undefined,
                "nodeType": "class",
                "props": Object {
                  "fuelType": undefined,
                  "station": Object {
                    "name": "bubbas",
                  },
                },
                "ref": null,
                "rendered": null,
                "type": [Function],
              },
              "type": [Function],
            },
          ],
          "type": "div",
        },
      ],
      "type": "div",
    },
  ],
  Symbol(enzyme.__options__): Object {
    "adapter": ReactSixteenAdapter {
      "options": Object {
        "enableComponentDidUpdateOnSetState": true,
      },
    },
  },
}
`;
